******************************************************************************
                  MSP430 Linker Unix v4.4.6                    
******************************************************************************
>> Linked Mon Mar  6 12:41:03 2017

OUTPUT FILE NAME:   <lab3_completeAssemblyCode.out>
ENTRY POINT SYMBOL: 0


MEMORY CONFIGURATION

         name            origin    length      used     unused   attr    fill
----------------------  --------  ---------  --------  --------  ----  --------
  SFR                   00000000   00000010  00000000  00000010  RWIX
  PERIPHERALS_8BIT      00000010   000000f0  00000000  000000f0  RWIX
  PERIPHERALS_16BIT     00000100   00000100  00000000  00000100  RWIX
  INFOB                 00001000   00000080  00000000  00000080  RWIX
  INFOA                 00001080   00000080  00000000  00000080  RWIX
  RAM                   00001100   00002000  00000004  00001ffc  RWIX
  FLASH                 00003100   0000cec0  00000299  0000cc27  RWIX
  INT00                 0000ffc0   00000002  00000002  00000000  RWIX
  INT01                 0000ffc2   00000002  00000002  00000000  RWIX
  INT02                 0000ffc4   00000002  00000002  00000000  RWIX
  INT03                 0000ffc6   00000002  00000002  00000000  RWIX
  INT04                 0000ffc8   00000002  00000002  00000000  RWIX
  INT05                 0000ffca   00000002  00000002  00000000  RWIX
  INT06                 0000ffcc   00000002  00000002  00000000  RWIX
  INT07                 0000ffce   00000002  00000002  00000000  RWIX
  INT08                 0000ffd0   00000002  00000002  00000000  RWIX
  INT09                 0000ffd2   00000002  00000002  00000000  RWIX
  INT10                 0000ffd4   00000002  00000002  00000000  RWIX
  INT11                 0000ffd6   00000002  00000002  00000000  RWIX
  INT12                 0000ffd8   00000002  00000002  00000000  RWIX
  INT13                 0000ffda   00000002  00000002  00000000  RWIX
  INT14                 0000ffdc   00000002  00000002  00000000  RWIX
  INT15                 0000ffde   00000002  00000002  00000000  RWIX
  INT16                 0000ffe0   00000002  00000002  00000000  RWIX
  INT17                 0000ffe2   00000002  00000002  00000000  RWIX
  INT18                 0000ffe4   00000002  00000002  00000000  RWIX
  INT19                 0000ffe6   00000002  00000002  00000000  RWIX
  INT20                 0000ffe8   00000002  00000002  00000000  RWIX
  INT21                 0000ffea   00000002  00000002  00000000  RWIX
  INT22                 0000ffec   00000002  00000002  00000000  RWIX
  INT23                 0000ffee   00000002  00000002  00000000  RWIX
  INT24                 0000fff0   00000002  00000002  00000000  RWIX
  INT25                 0000fff2   00000002  00000002  00000000  RWIX
  INT26                 0000fff4   00000002  00000002  00000000  RWIX
  INT27                 0000fff6   00000002  00000002  00000000  RWIX
  INT28                 0000fff8   00000002  00000002  00000000  RWIX
  INT29                 0000fffa   00000002  00000002  00000000  RWIX
  INT30                 0000fffc   00000002  00000002  00000000  RWIX
  RESET                 0000fffe   00000002  00000002  00000000  RWIX
  FLASH2                00010000   00010000  00000000  00010000  RWIX


SECTION ALLOCATION MAP

 output                                  attributes/
section   page    origin      length       input sections
--------  ----  ----------  ----------   ----------------
.bss       0    00001100    00000004     UNINITIALIZED
                  00001100    00000004     lab3.obj (.bss)

.text:_isr 
*          0    00003100    00000006     
                  00003100    00000006     rts430x.lib : isr_trap.obj (.text:_isr:__TI_ISR_TRAP)

.cinit     0    00003100    00000000     UNINITIALIZED

.const     0    0000336a    0000002f     
                  0000336a    0000002f     lab3.obj (.const)

.pinit     0    00003100    00000000     UNINITIALIZED

.int00     0    0000ffc0    00000002     
                  0000ffc0    00000002     rts430x.lib : int00.obj (.int00)

.int01     0    0000ffc2    00000002     
                  0000ffc2    00000002     rts430x.lib : int01.obj (.int01)

.int02     0    0000ffc4    00000002     
                  0000ffc4    00000002     rts430x.lib : int02.obj (.int02)

.int03     0    0000ffc6    00000002     
                  0000ffc6    00000002     rts430x.lib : int03.obj (.int03)

.int04     0    0000ffc8    00000002     
                  0000ffc8    00000002     rts430x.lib : int04.obj (.int04)

.int05     0    0000ffca    00000002     
                  0000ffca    00000002     rts430x.lib : int05.obj (.int05)

.int06     0    0000ffcc    00000002     
                  0000ffcc    00000002     rts430x.lib : int06.obj (.int06)

.int07     0    0000ffce    00000002     
                  0000ffce    00000002     rts430x.lib : int07.obj (.int07)

.int08     0    0000ffd0    00000002     
                  0000ffd0    00000002     rts430x.lib : int08.obj (.int08)

.int09     0    0000ffd2    00000002     
                  0000ffd2    00000002     rts430x.lib : int09.obj (.int09)

.int10     0    0000ffd4    00000002     
                  0000ffd4    00000002     rts430x.lib : int10.obj (.int10)

.int11     0    0000ffd6    00000002     
                  0000ffd6    00000002     rts430x.lib : int11.obj (.int11)

.int12     0    0000ffd8    00000002     
                  0000ffd8    00000002     rts430x.lib : int12.obj (.int12)

.int13     0    0000ffda    00000002     
                  0000ffda    00000002     rts430x.lib : int13.obj (.int13)

.int14     0    0000ffdc    00000002     
                  0000ffdc    00000002     rts430x.lib : int14.obj (.int14)

.int15     0    0000ffde    00000002     
                  0000ffde    00000002     rts430x.lib : int15.obj (.int15)

.int16     0    0000ffe0    00000002     
                  0000ffe0    00000002     rts430x.lib : int16.obj (.int16)

.int17     0    0000ffe2    00000002     
                  0000ffe2    00000002     rts430x.lib : int17.obj (.int17)

.int18     0    0000ffe4    00000002     
                  0000ffe4    00000002     rts430x.lib : int18.obj (.int18)

.int19     0    0000ffe6    00000002     
                  0000ffe6    00000002     rts430x.lib : int19.obj (.int19)

.int20     0    0000ffe8    00000002     
                  0000ffe8    00000002     rts430x.lib : int20.obj (.int20)

.int21     0    0000ffea    00000002     
                  0000ffea    00000002     rts430x.lib : int21.obj (.int21)

.int22     0    0000ffec    00000002     
                  0000ffec    00000002     rts430x.lib : int22.obj (.int22)

.int23     0    0000ffee    00000002     
                  0000ffee    00000002     rts430x.lib : int23.obj (.int23)

.int24     0    0000fff0    00000002     
                  0000fff0    00000002     rts430x.lib : int24.obj (.int24)

.int25     0    0000fff2    00000002     
                  0000fff2    00000002     rts430x.lib : int25.obj (.int25)

.int26     0    0000fff4    00000002     
                  0000fff4    00000002     rts430x.lib : int26.obj (.int26)

.int27     0    0000fff6    00000002     
                  0000fff6    00000002     rts430x.lib : int27.obj (.int27)

.int28     0    0000fff8    00000002     
                  0000fff8    00000002     rts430x.lib : int28.obj (.int28)

.int29     0    0000fffa    00000002     
                  0000fffa    00000002     rts430x.lib : int29.obj (.int29)

.int30     0    0000fffc    00000002     
                  0000fffc    00000002     rts430x.lib : int30.obj (.int30)

.reset     0    0000fffe    00000002     
                  0000fffe    00000002     lab3.obj (.reset)

.text      0    00003106    00000264     
                  00003106    00000264     lab3.obj (.text)


GLOBAL SYMBOLS: SORTED ALPHABETICALLY BY Name 

address   name         
-------   ----         
00001100  .bss         
ffffffff  .text        
000001a0  ADC12CTL0    
000001a2  ADC12CTL1    
000001a6  ADC12IE      
000001a4  ADC12IFG     
000001a8  ADC12IV      
00000080  ADC12MCTL0   
00000081  ADC12MCTL1   
0000008a  ADC12MCTL10  
0000008b  ADC12MCTL11  
0000008c  ADC12MCTL12  
0000008d  ADC12MCTL13  
0000008e  ADC12MCTL14  
0000008f  ADC12MCTL15  
00000082  ADC12MCTL2   
00000083  ADC12MCTL3   
00000084  ADC12MCTL4   
00000085  ADC12MCTL5   
00000086  ADC12MCTL6   
00000087  ADC12MCTL7   
00000088  ADC12MCTL8   
00000089  ADC12MCTL9   
00000140  ADC12MEM0    
00000142  ADC12MEM1    
00000154  ADC12MEM10   
00000156  ADC12MEM11   
00000158  ADC12MEM12   
0000015a  ADC12MEM13   
0000015c  ADC12MEM14   
0000015e  ADC12MEM15   
00000144  ADC12MEM2    
00000146  ADC12MEM3    
00000148  ADC12MEM4    
0000014a  ADC12MEM5    
0000014c  ADC12MEM6    
0000014e  ADC12MEM7    
00000150  ADC12MEM8    
00000152  ADC12MEM9    
00000046  BTCNT1       
00000046  BTCNT12      
00000047  BTCNT2       
00000040  BTCTL        
00000059  CACTL1       
0000005a  CACTL2       
0000005b  CAPD         
000001c0  DAC12_0CTL   
000001c8  DAC12_0DAT   
000001c2  DAC12_1CTL   
000001ca  DAC12_1DAT   
000001d0  DMA0CTL      
000001d6  DMA0DA       
000001d6  DMA0DAL      
000001d2  DMA0SA       
000001d2  DMA0SAL      
000001da  DMA0SZ       
000001dc  DMA1CTL      
000001e2  DMA1DA       
000001e2  DMA1DAL      
000001de  DMA1SA       
000001de  DMA1SAL      
000001e6  DMA1SZ       
000001e8  DMA2CTL      
000001ee  DMA2DA       
000001ee  DMA2DAL      
000001ea  DMA2SA       
000001ea  DMA2SAL      
000001f2  DMA2SZ       
00000122  DMACTL0      
00000124  DMACTL1      
00000126  DMAIV        
00000128  FCTL1        
0000012a  FCTL2        
0000012c  FCTL3        
00000053  FLL_CTL0     
00000054  FLL_CTL1     
00000000  IE1          
00000001  IE2          
00000002  IFG1         
00000003  IFG2         
00000090  LCDACTL      
000000ac  LCDAPCTL0    
000000ad  LCDAPCTL1    
000000ae  LCDAVCTL0    
000000af  LCDAVCTL1    
00000091  LCDM1        
0000009a  LCDM10       
0000009b  LCDM11       
0000009c  LCDM12       
0000009d  LCDM13       
0000009e  LCDM14       
0000009f  LCDM15       
000000a0  LCDM16       
000000a1  LCDM17       
000000a2  LCDM18       
000000a3  LCDM19       
00000092  LCDM2        
000000a4  LCDM20       
00000093  LCDM3        
00000094  LCDM4        
00000095  LCDM5        
00000096  LCDM6        
00000097  LCDM7        
00000098  LCDM8        
00000099  LCDM9        
00000134  MAC          
00000136  MACS         
00000005  ME2          
00000130  MPY          
00000132  MPYS         
000000c0  OA0CTL0      
000000c1  OA0CTL1      
000000c2  OA1CTL0      
000000c3  OA1CTL1      
000000c4  OA2CTL0      
000000c5  OA2CTL1      
00000138  OP2          
0000000d  P10DIR       
00000009  P10IN        
0000000b  P10OUT       
0000000f  P10SEL       
00000022  P1DIR        
00000025  P1IE         
00000024  P1IES        
00000023  P1IFG        
00000020  P1IN         
00000021  P1OUT        
00000026  P1SEL        
0000002a  P2DIR        
0000002d  P2IE         
0000002c  P2IES        
0000002b  P2IFG        
00000028  P2IN         
00000029  P2OUT        
0000002e  P2SEL        
0000001a  P3DIR        
00000018  P3IN         
00000019  P3OUT        
0000001b  P3SEL        
0000001e  P4DIR        
0000001c  P4IN         
0000001d  P4OUT        
0000001f  P4SEL        
00000032  P5DIR        
00000030  P5IN         
00000031  P5OUT        
00000033  P5SEL        
00000036  P6DIR        
00000034  P6IN         
00000035  P6OUT        
00000037  P6SEL        
0000003c  P7DIR        
00000038  P7IN         
0000003a  P7OUT        
0000003e  P7SEL        
0000003d  P8DIR        
00000039  P8IN         
0000003b  P8OUT        
0000003f  P8SEL        
0000000c  P9DIR        
00000008  P9IN         
0000000a  P9OUT        
0000000e  P9SEL        
0000003c  PADIR        
00000038  PAIN         
0000003a  PAOUT        
0000003e  PASEL        
0000000c  PBDIR        
00000008  PBIN         
0000000a  PBOUT        
0000000e  PBSEL        
UNDEFED   PBSEL_H      
0000013c  RESHI        
0000013a  RESLO        
00000041  RTCCTL       
0000004c  RTCDATE      
0000004c  RTCDAY       
0000004d  RTCMON       
00000042  RTCNT1       
00000043  RTCNT2       
00000044  RTCNT3       
00000045  RTCNT4       
00000042  RTCTIM0      
00000044  RTCTIM1      
00000040  RTCTL        
0000004e  RTCYEAR      
0000004f  RTCYEARH     
0000004e  RTCYEARL     
00000050  SCFI0        
00000051  SCFI1        
00000052  SCFQCTL      
0000013e  SUMEXT       
00000056  SVSCTL       
00000172  TACCR0       
00000174  TACCR1       
00000176  TACCR2       
00000162  TACCTL0      
00000164  TACCTL1      
00000166  TACCTL2      
00000160  TACTL        
0000012e  TAIV         
00000170  TAR          
00000192  TBCCR0       
00000194  TBCCR1       
00000196  TBCCR2       
00000198  TBCCR3       
0000019a  TBCCR4       
0000019c  TBCCR5       
0000019e  TBCCR6       
00000182  TBCCTL0      
00000184  TBCCTL1      
00000186  TBCCTL2      
00000188  TBCCTL3      
0000018a  TBCCTL4      
0000018c  TBCCTL5      
0000018e  TBCCTL6      
00000180  TBCTL        
0000011e  TBIV         
00000190  TBR          
0000007c  U1BR0        
0000007d  U1BR1        
00000078  U1CTL        
0000007b  U1MCTL       
0000007a  U1RCTL       
0000007e  U1RXBUF      
00000079  U1TCTL       
0000007f  U1TXBUF      
0000005d  UCA0ABCTL    
00000062  UCA0BR0      
00000063  UCA0BR1      
00000060  UCA0CTL0     
00000061  UCA0CTL1     
0000005f  UCA0IRRCTL   
0000005e  UCA0IRTCTL   
00000064  UCA0MCTL     
00000066  UCA0RXBUF    
00000065  UCA0STAT     
00000067  UCA0TXBUF    
UNDEFED   UCA1BRW_H    
UNDEFED   UCA1BRW_L    
UNDEFED   UCA1CTLW0_L  
UNDEFED   UCA1ICTL_H   
UNDEFED   UCA1MCTL     
UNDEFED   UCA1RXBUF    
UNDEFED   UCA1TXBUF    
0000006a  UCB0BR0      
0000006b  UCB0BR1      
00000068  UCB0CTL0     
00000069  UCB0CTL1     
0000006c  UCB0I2CIE    
00000118  UCB0I2COA    
0000011a  UCB0I2CSA    
0000006e  UCB0RXBUF    
0000006d  UCB0STAT     
0000006f  UCB0TXBUF    
00000120  WDTCTL       
00003100  __TI_ISR_TRAP
0000ffc0  __TI_int00   
0000ffc2  __TI_int01   
0000ffc4  __TI_int02   
0000ffc6  __TI_int03   
0000ffc8  __TI_int04   
0000ffca  __TI_int05   
0000ffcc  __TI_int06   
0000ffce  __TI_int07   
0000ffd0  __TI_int08   
0000ffd2  __TI_int09   
0000ffd4  __TI_int10   
0000ffd6  __TI_int11   
0000ffd8  __TI_int12   
0000ffda  __TI_int13   
0000ffdc  __TI_int14   
0000ffde  __TI_int15   
0000ffe0  __TI_int16   
0000ffe2  __TI_int17   
0000ffe4  __TI_int18   
0000ffe6  __TI_int19   
0000ffe8  __TI_int20   
0000ffea  __TI_int21   
0000ffec  __TI_int22   
0000ffee  __TI_int23   
0000fff0  __TI_int24   
0000fff2  __TI_int25   
0000fff4  __TI_int26   
0000fff6  __TI_int27   
0000fff8  __TI_int28   
0000fffa  __TI_int29   
0000fffc  __TI_int30   
ffffffff  __binit__    
00001100  __bss__      
ffffffff  __c_args__   
ffffffff  __cinit__    
00001104  __end__      
ffffffff  __etext__    
ffffffff  __pinit__    
ffffffff  __text__     
ffffffff  binit        
ffffffff  cinit        
00001104  end          
ffffffff  etext        
ffffffff  pinit        


GLOBAL SYMBOLS: SORTED BY Symbol Address 

address   name         
-------   ----         
00000000  IE1          
00000001  IE2          
00000002  IFG1         
00000003  IFG2         
00000005  ME2          
00000008  P9IN         
00000008  PBIN         
00000009  P10IN        
0000000a  P9OUT        
0000000a  PBOUT        
0000000b  P10OUT       
0000000c  P9DIR        
0000000c  PBDIR        
0000000d  P10DIR       
0000000e  P9SEL        
0000000e  PBSEL        
0000000f  P10SEL       
00000018  P3IN         
00000019  P3OUT        
0000001a  P3DIR        
0000001b  P3SEL        
0000001c  P4IN         
0000001d  P4OUT        
0000001e  P4DIR        
0000001f  P4SEL        
00000020  P1IN         
00000021  P1OUT        
00000022  P1DIR        
00000023  P1IFG        
00000024  P1IES        
00000025  P1IE         
00000026  P1SEL        
00000028  P2IN         
00000029  P2OUT        
0000002a  P2DIR        
0000002b  P2IFG        
0000002c  P2IES        
0000002d  P2IE         
0000002e  P2SEL        
00000030  P5IN         
00000031  P5OUT        
00000032  P5DIR        
00000033  P5SEL        
00000034  P6IN         
00000035  P6OUT        
00000036  P6DIR        
00000037  P6SEL        
00000038  P7IN         
00000038  PAIN         
00000039  P8IN         
0000003a  P7OUT        
0000003a  PAOUT        
0000003b  P8OUT        
0000003c  P7DIR        
0000003c  PADIR        
0000003d  P8DIR        
0000003e  P7SEL        
0000003e  PASEL        
0000003f  P8SEL        
00000040  BTCTL        
00000040  RTCTL        
00000041  RTCCTL       
00000042  RTCNT1       
00000042  RTCTIM0      
00000043  RTCNT2       
00000044  RTCNT3       
00000044  RTCTIM1      
00000045  RTCNT4       
00000046  BTCNT1       
00000046  BTCNT12      
00000047  BTCNT2       
0000004c  RTCDATE      
0000004c  RTCDAY       
0000004d  RTCMON       
0000004e  RTCYEAR      
0000004e  RTCYEARL     
0000004f  RTCYEARH     
00000050  SCFI0        
00000051  SCFI1        
00000052  SCFQCTL      
00000053  FLL_CTL0     
00000054  FLL_CTL1     
00000056  SVSCTL       
00000059  CACTL1       
0000005a  CACTL2       
0000005b  CAPD         
0000005d  UCA0ABCTL    
0000005e  UCA0IRTCTL   
0000005f  UCA0IRRCTL   
00000060  UCA0CTL0     
00000061  UCA0CTL1     
00000062  UCA0BR0      
00000063  UCA0BR1      
00000064  UCA0MCTL     
00000065  UCA0STAT     
00000066  UCA0RXBUF    
00000067  UCA0TXBUF    
00000068  UCB0CTL0     
00000069  UCB0CTL1     
0000006a  UCB0BR0      
0000006b  UCB0BR1      
0000006c  UCB0I2CIE    
0000006d  UCB0STAT     
0000006e  UCB0RXBUF    
0000006f  UCB0TXBUF    
00000078  U1CTL        
00000079  U1TCTL       
0000007a  U1RCTL       
0000007b  U1MCTL       
0000007c  U1BR0        
0000007d  U1BR1        
0000007e  U1RXBUF      
0000007f  U1TXBUF      
00000080  ADC12MCTL0   
00000081  ADC12MCTL1   
00000082  ADC12MCTL2   
00000083  ADC12MCTL3   
00000084  ADC12MCTL4   
00000085  ADC12MCTL5   
00000086  ADC12MCTL6   
00000087  ADC12MCTL7   
00000088  ADC12MCTL8   
00000089  ADC12MCTL9   
0000008a  ADC12MCTL10  
0000008b  ADC12MCTL11  
0000008c  ADC12MCTL12  
0000008d  ADC12MCTL13  
0000008e  ADC12MCTL14  
0000008f  ADC12MCTL15  
00000090  LCDACTL      
00000091  LCDM1        
00000092  LCDM2        
00000093  LCDM3        
00000094  LCDM4        
00000095  LCDM5        
00000096  LCDM6        
00000097  LCDM7        
00000098  LCDM8        
00000099  LCDM9        
0000009a  LCDM10       
0000009b  LCDM11       
0000009c  LCDM12       
0000009d  LCDM13       
0000009e  LCDM14       
0000009f  LCDM15       
000000a0  LCDM16       
000000a1  LCDM17       
000000a2  LCDM18       
000000a3  LCDM19       
000000a4  LCDM20       
000000ac  LCDAPCTL0    
000000ad  LCDAPCTL1    
000000ae  LCDAVCTL0    
000000af  LCDAVCTL1    
000000c0  OA0CTL0      
000000c1  OA0CTL1      
000000c2  OA1CTL0      
000000c3  OA1CTL1      
000000c4  OA2CTL0      
000000c5  OA2CTL1      
00000118  UCB0I2COA    
0000011a  UCB0I2CSA    
0000011e  TBIV         
00000120  WDTCTL       
00000122  DMACTL0      
00000124  DMACTL1      
00000126  DMAIV        
00000128  FCTL1        
0000012a  FCTL2        
0000012c  FCTL3        
0000012e  TAIV         
00000130  MPY          
00000132  MPYS         
00000134  MAC          
00000136  MACS         
00000138  OP2          
0000013a  RESLO        
0000013c  RESHI        
0000013e  SUMEXT       
00000140  ADC12MEM0    
00000142  ADC12MEM1    
00000144  ADC12MEM2    
00000146  ADC12MEM3    
00000148  ADC12MEM4    
0000014a  ADC12MEM5    
0000014c  ADC12MEM6    
0000014e  ADC12MEM7    
00000150  ADC12MEM8    
00000152  ADC12MEM9    
00000154  ADC12MEM10   
00000156  ADC12MEM11   
00000158  ADC12MEM12   
0000015a  ADC12MEM13   
0000015c  ADC12MEM14   
0000015e  ADC12MEM15   
00000160  TACTL        
00000162  TACCTL0      
00000164  TACCTL1      
00000166  TACCTL2      
00000170  TAR          
00000172  TACCR0       
00000174  TACCR1       
00000176  TACCR2       
00000180  TBCTL        
00000182  TBCCTL0      
00000184  TBCCTL1      
00000186  TBCCTL2      
00000188  TBCCTL3      
0000018a  TBCCTL4      
0000018c  TBCCTL5      
0000018e  TBCCTL6      
00000190  TBR          
00000192  TBCCR0       
00000194  TBCCR1       
00000196  TBCCR2       
00000198  TBCCR3       
0000019a  TBCCR4       
0000019c  TBCCR5       
0000019e  TBCCR6       
000001a0  ADC12CTL0    
000001a2  ADC12CTL1    
000001a4  ADC12IFG     
000001a6  ADC12IE      
000001a8  ADC12IV      
000001c0  DAC12_0CTL   
000001c2  DAC12_1CTL   
000001c8  DAC12_0DAT   
000001ca  DAC12_1DAT   
000001d0  DMA0CTL      
000001d2  DMA0SA       
000001d2  DMA0SAL      
000001d6  DMA0DA       
000001d6  DMA0DAL      
000001da  DMA0SZ       
000001dc  DMA1CTL      
000001de  DMA1SA       
000001de  DMA1SAL      
000001e2  DMA1DA       
000001e2  DMA1DAL      
000001e6  DMA1SZ       
000001e8  DMA2CTL      
000001ea  DMA2SA       
000001ea  DMA2SAL      
000001ee  DMA2DA       
000001ee  DMA2DAL      
000001f2  DMA2SZ       
00001100  .bss         
00001100  __bss__      
00001104  __end__      
00001104  end          
00003100  __TI_ISR_TRAP
0000ffc0  __TI_int00   
0000ffc2  __TI_int01   
0000ffc4  __TI_int02   
0000ffc6  __TI_int03   
0000ffc8  __TI_int04   
0000ffca  __TI_int05   
0000ffcc  __TI_int06   
0000ffce  __TI_int07   
0000ffd0  __TI_int08   
0000ffd2  __TI_int09   
0000ffd4  __TI_int10   
0000ffd6  __TI_int11   
0000ffd8  __TI_int12   
0000ffda  __TI_int13   
0000ffdc  __TI_int14   
0000ffde  __TI_int15   
0000ffe0  __TI_int16   
0000ffe2  __TI_int17   
0000ffe4  __TI_int18   
0000ffe6  __TI_int19   
0000ffe8  __TI_int20   
0000ffea  __TI_int21   
0000ffec  __TI_int22   
0000ffee  __TI_int23   
0000fff0  __TI_int24   
0000fff2  __TI_int25   
0000fff4  __TI_int26   
0000fff6  __TI_int27   
0000fff8  __TI_int28   
0000fffa  __TI_int29   
0000fffc  __TI_int30   
ffffffff  .text        
ffffffff  __binit__    
ffffffff  __c_args__   
ffffffff  __cinit__    
ffffffff  __etext__    
ffffffff  __pinit__    
ffffffff  __text__     
ffffffff  binit        
ffffffff  cinit        
ffffffff  etext        
ffffffff  pinit        
UNDEFED   PBSEL_H      
UNDEFED   UCA1BRW_H    
UNDEFED   UCA1BRW_L    
UNDEFED   UCA1CTLW0_L  
UNDEFED   UCA1ICTL_H   
UNDEFED   UCA1MCTL     
UNDEFED   UCA1RXBUF    
UNDEFED   UCA1TXBUF    

[301 symbols]
