<?xml version="1.0"?>
<link_info>
   <banner>TI ARM Linker Unix v5.2.6</banner>
   <copyright>Copyright (c) 1996-2015 Texas Instruments Incorporated</copyright>
   <link_time>0x58bd9f2b</link_time>
   <link_errors>0x1</link_errors>
   <output_file>Embedded Programs.out</output_file>
   <entry_point>
      <name>_c_int00</name>
      <address>0x440</address>
   </entry_point>
   <input_file_list>
      <input_file id="fl-2">
         <path>./</path>
         <kind>object</kind>
         <file>main.obj</file>
         <name>main.obj</name>
      </input_file>
      <input_file id="fl-127">
         <path>/Applications/ti/ccsv6/tools/compiler/ti-cgt-arm_5.2.6/lib/</path>
         <kind>archive</kind>
         <file>rtsv4_A_be_tiarm9.lib</file>
         <name>boot.obj</name>
      </input_file>
      <input_file id="fl-128">
         <path>/Applications/ti/ccsv6/tools/compiler/ti-cgt-arm_5.2.6/lib/</path>
         <kind>archive</kind>
         <file>rtsv4_A_be_tiarm9.lib</file>
         <name>copy_decompress_none.obj</name>
      </input_file>
      <input_file id="fl-129">
         <path>/Applications/ti/ccsv6/tools/compiler/ti-cgt-arm_5.2.6/lib/</path>
         <kind>archive</kind>
         <file>rtsv4_A_be_tiarm9.lib</file>
         <name>copy_decompress_rle.obj</name>
      </input_file>
      <input_file id="fl-12a">
         <path>/Applications/ti/ccsv6/tools/compiler/ti-cgt-arm_5.2.6/lib/</path>
         <kind>archive</kind>
         <file>rtsv4_A_be_tiarm9.lib</file>
         <name>copy_zero_init.obj</name>
      </input_file>
      <input_file id="fl-12b">
         <path>/Applications/ti/ccsv6/tools/compiler/ti-cgt-arm_5.2.6/lib/</path>
         <kind>archive</kind>
         <file>rtsv4_A_be_tiarm9.lib</file>
         <name>exit.obj</name>
      </input_file>
      <input_file id="fl-12c">
         <path>/Applications/ti/ccsv6/tools/compiler/ti-cgt-arm_5.2.6/lib/</path>
         <kind>archive</kind>
         <file>rtsv4_A_be_tiarm9.lib</file>
         <name>memcpy32.obj</name>
      </input_file>
      <input_file id="fl-12d">
         <path>/Applications/ti/ccsv6/tools/compiler/ti-cgt-arm_5.2.6/lib/</path>
         <kind>archive</kind>
         <file>rtsv4_A_be_tiarm9.lib</file>
         <name>memset32.obj</name>
      </input_file>
      <input_file id="fl-12e">
         <path>/Applications/ti/ccsv6/tools/compiler/ti-cgt-arm_5.2.6/lib/</path>
         <kind>archive</kind>
         <file>rtsv4_A_be_tiarm9.lib</file>
         <name>pre_init.obj</name>
      </input_file>
      <input_file id="fl-12f">
         <path>/Applications/ti/ccsv6/tools/compiler/ti-cgt-arm_5.2.6/lib/</path>
         <kind>archive</kind>
         <file>rtsv4_A_be_tiarm9.lib</file>
         <name>stkdepth_vars.obj</name>
      </input_file>
      <input_file id="fl-130">
         <path>/Applications/ti/ccsv6/tools/compiler/ti-cgt-arm_5.2.6/lib/</path>
         <kind>archive</kind>
         <file>rtsv4_A_be_tiarm9.lib</file>
         <name>_lock.obj</name>
      </input_file>
      <input_file id="fl-131">
         <path>/Applications/ti/ccsv6/tools/compiler/ti-cgt-arm_5.2.6/lib/</path>
         <kind>archive</kind>
         <file>rtsv4_A_be_tiarm9.lib</file>
         <name>args_main.obj</name>
      </input_file>
      <input_file id="fl-132">
         <path>/Applications/ti/ccsv6/tools/compiler/ti-cgt-arm_5.2.6/lib/</path>
         <kind>archive</kind>
         <file>rtsv4_A_be_tiarm9.lib</file>
         <name>autoinit.obj</name>
      </input_file>
      <input_file id="fl-133">
         <path>/Applications/ti/ccsv6/tools/compiler/ti-cgt-arm_5.2.6/lib/</path>
         <kind>archive</kind>
         <file>rtsv4_A_be_tiarm9.lib</file>
         <name>cpy_tbl.obj</name>
      </input_file>
   </input_file_list>
   <object_component_list>
      <object_component id="oc-50">
         <name>.text</name>
         <load_address>0x0</load_address>
         <run_address>0x0</run_address>
         <size>0x180</size>
         <input_file_ref idref="fl-12c"/>
      </object_component>
      <object_component id="oc-59">
         <name>.text</name>
         <load_address>0x180</load_address>
         <run_address>0x180</run_address>
         <size>0x150</size>
         <input_file_ref idref="fl-2"/>
      </object_component>
      <object_component id="oc-56">
         <name>.text</name>
         <load_address>0x2d0</load_address>
         <run_address>0x2d0</run_address>
         <size>0x8c</size>
         <input_file_ref idref="fl-12b"/>
      </object_component>
      <object_component id="oc-54">
         <name>.text</name>
         <load_address>0x35c</load_address>
         <run_address>0x35c</run_address>
         <size>0x88</size>
         <input_file_ref idref="fl-132"/>
      </object_component>
      <object_component id="oc-58">
         <name>.text</name>
         <load_address>0x3e4</load_address>
         <run_address>0x3e4</run_address>
         <size>0x5c</size>
         <input_file_ref idref="fl-133"/>
      </object_component>
      <object_component id="oc-6">
         <name>.text</name>
         <load_address>0x440</load_address>
         <run_address>0x440</run_address>
         <size>0x50</size>
         <input_file_ref idref="fl-127"/>
      </object_component>
      <object_component id="oc-57">
         <name>.text</name>
         <load_address>0x490</load_address>
         <run_address>0x490</run_address>
         <size>0x24</size>
         <input_file_ref idref="fl-130"/>
      </object_component>
      <object_component id="oc-55">
         <name>.text</name>
         <load_address>0x4b4</load_address>
         <run_address>0x4b4</run_address>
         <size>0x20</size>
         <input_file_ref idref="fl-131"/>
      </object_component>
      <object_component id="oc-53">
         <name>.text</name>
         <load_address>0x4d4</load_address>
         <run_address>0x4d4</run_address>
         <size>0x8</size>
         <input_file_ref idref="fl-12e"/>
      </object_component>
      <object_component id="oc-c">
         <name>.bss</name>
         <uninitialized>true</uninitialized>
         <run_address>0x528</run_address>
         <size>0x4</size>
         <input_file_ref idref="fl-127"/>
      </object_component>
      <object_component id="oc-22">
         <name>.bss</name>
         <uninitialized>true</uninitialized>
         <run_address>0x520</run_address>
         <size>0x8</size>
         <input_file_ref idref="fl-12b"/>
      </object_component>
      <object_component id="oc-36">
         <name>.bss</name>
         <uninitialized>true</uninitialized>
         <run_address>0x52c</run_address>
         <size>0x4</size>
         <input_file_ref idref="fl-12f"/>
      </object_component>
      <object_component id="oc-3a">
         <name>.bss</name>
         <uninitialized>true</uninitialized>
         <run_address>0x518</run_address>
         <size>0x8</size>
         <input_file_ref idref="fl-130"/>
      </object_component>
      <object_component id="oc-3c">
         <name>.cinit</name>
         <load_address>0x4dc</load_address>
         <run_address>0x4dc</run_address>
         <size>0x10</size>
         <input_file_ref idref="fl-130"/>
      </object_component>
      <object_component id="oc-24">
         <name>.cinit</name>
         <load_address>0x4ec</load_address>
         <run_address>0x4ec</run_address>
         <size>0x10</size>
         <input_file_ref idref="fl-12b"/>
      </object_component>
      <object_component id="oc-e">
         <name>.cinit</name>
         <load_address>0x4fc</load_address>
         <run_address>0x4fc</run_address>
         <size>0xc</size>
         <input_file_ref idref="fl-127"/>
      </object_component>
      <object_component id="oc-38">
         <name>.cinit</name>
         <load_address>0x508</load_address>
         <run_address>0x508</run_address>
         <size>0xc</size>
         <input_file_ref idref="fl-12f"/>
      </object_component>
      <object_component id="oc-7">
         <name>.debug_info</name>
         <load_address>0x0</load_address>
         <run_address>0x0</run_address>
         <size>0x214</size>
         <input_file_ref idref="fl-2"/>
      </object_component>
      <object_component id="oc-f">
         <name>.debug_info</name>
         <load_address>0x214</load_address>
         <run_address>0x214</run_address>
         <size>0x12a</size>
         <input_file_ref idref="fl-127"/>
      </object_component>
      <object_component id="oc-13">
         <name>.debug_info</name>
         <load_address>0x33e</load_address>
         <run_address>0x33e</run_address>
         <size>0x22c</size>
         <input_file_ref idref="fl-128"/>
      </object_component>
      <object_component id="oc-18">
         <name>.debug_info</name>
         <load_address>0x56a</load_address>
         <run_address>0x56a</run_address>
         <size>0x20d</size>
         <input_file_ref idref="fl-129"/>
      </object_component>
      <object_component id="oc-1d">
         <name>.debug_info</name>
         <load_address>0x777</load_address>
         <run_address>0x777</run_address>
         <size>0x21b</size>
         <input_file_ref idref="fl-12a"/>
      </object_component>
      <object_component id="oc-23">
         <name>.debug_info</name>
         <load_address>0x992</load_address>
         <run_address>0x992</run_address>
         <size>0x3b9</size>
         <input_file_ref idref="fl-12b"/>
      </object_component>
      <object_component id="oc-29">
         <name>.debug_info</name>
         <load_address>0xd4b</load_address>
         <run_address>0xd4b</run_address>
         <size>0x158</size>
         <input_file_ref idref="fl-12c"/>
      </object_component>
      <object_component id="oc-2d">
         <name>.debug_info</name>
         <load_address>0xea3</load_address>
         <run_address>0xea3</run_address>
         <size>0xb5</size>
         <input_file_ref idref="fl-12d"/>
      </object_component>
      <object_component id="oc-31">
         <name>.debug_info</name>
         <load_address>0xf58</load_address>
         <run_address>0xf58</run_address>
         <size>0x1e3</size>
         <input_file_ref idref="fl-12e"/>
      </object_component>
      <object_component id="oc-37">
         <name>.debug_info</name>
         <load_address>0x113b</load_address>
         <run_address>0x113b</run_address>
         <size>0x1a8</size>
         <input_file_ref idref="fl-12f"/>
      </object_component>
      <object_component id="oc-3b">
         <name>.debug_info</name>
         <load_address>0x12e3</load_address>
         <run_address>0x12e3</run_address>
         <size>0x33d</size>
         <input_file_ref idref="fl-130"/>
      </object_component>
      <object_component id="oc-41">
         <name>.debug_info</name>
         <load_address>0x1620</load_address>
         <run_address>0x1620</run_address>
         <size>0x2c5</size>
         <input_file_ref idref="fl-131"/>
      </object_component>
      <object_component id="oc-46">
         <name>.debug_info</name>
         <load_address>0x18e5</load_address>
         <run_address>0x18e5</run_address>
         <size>0x467</size>
         <input_file_ref idref="fl-132"/>
      </object_component>
      <object_component id="oc-4b">
         <name>.debug_info</name>
         <load_address>0x1d4c</load_address>
         <run_address>0x1d4c</run_address>
         <size>0x344</size>
         <input_file_ref idref="fl-133"/>
      </object_component>
      <object_component id="oc-78">
         <name>.debug_info</name>
         <load_address>0x2090</load_address>
         <run_address>0x2090</run_address>
         <size>0xa9</size>
      </object_component>
      <object_component id="oc-8">
         <name>.debug_frame</name>
         <load_address>0x0</load_address>
         <run_address>0x0</run_address>
         <size>0x43</size>
         <input_file_ref idref="fl-2"/>
      </object_component>
      <object_component id="oc-14">
         <name>.debug_frame</name>
         <load_address>0x43</load_address>
         <run_address>0x43</run_address>
         <size>0x2e</size>
         <input_file_ref idref="fl-128"/>
      </object_component>
      <object_component id="oc-19">
         <name>.debug_frame</name>
         <load_address>0x71</load_address>
         <run_address>0x71</run_address>
         <size>0x2e</size>
         <input_file_ref idref="fl-129"/>
      </object_component>
      <object_component id="oc-1e">
         <name>.debug_frame</name>
         <load_address>0x9f</load_address>
         <run_address>0x9f</run_address>
         <size>0x2e</size>
         <input_file_ref idref="fl-12a"/>
      </object_component>
      <object_component id="oc-25">
         <name>.debug_frame</name>
         <load_address>0xcd</load_address>
         <run_address>0xcd</run_address>
         <size>0x72</size>
         <input_file_ref idref="fl-12b"/>
      </object_component>
      <object_component id="oc-32">
         <name>.debug_frame</name>
         <load_address>0x13f</load_address>
         <run_address>0x13f</run_address>
         <size>0x3f</size>
         <input_file_ref idref="fl-12e"/>
      </object_component>
      <object_component id="oc-3d">
         <name>.debug_frame</name>
         <load_address>0x17e</load_address>
         <run_address>0x17e</run_address>
         <size>0x61</size>
         <input_file_ref idref="fl-130"/>
      </object_component>
      <object_component id="oc-42">
         <name>.debug_frame</name>
         <load_address>0x1df</load_address>
         <run_address>0x1df</run_address>
         <size>0x3f</size>
         <input_file_ref idref="fl-131"/>
      </object_component>
      <object_component id="oc-47">
         <name>.debug_frame</name>
         <load_address>0x21e</load_address>
         <run_address>0x21e</run_address>
         <size>0x4e</size>
         <input_file_ref idref="fl-132"/>
      </object_component>
      <object_component id="oc-4c">
         <name>.debug_frame</name>
         <load_address>0x26c</load_address>
         <run_address>0x26c</run_address>
         <size>0x4e</size>
         <input_file_ref idref="fl-133"/>
      </object_component>
      <object_component id="oc-9">
         <name>.debug_line</name>
         <load_address>0x0</load_address>
         <run_address>0x0</run_address>
         <size>0x7b</size>
         <input_file_ref idref="fl-2"/>
      </object_component>
      <object_component id="oc-10">
         <name>.debug_line</name>
         <load_address>0x7b</load_address>
         <run_address>0x7b</run_address>
         <size>0x4a</size>
         <input_file_ref idref="fl-127"/>
      </object_component>
      <object_component id="oc-15">
         <name>.debug_line</name>
         <load_address>0xc5</load_address>
         <run_address>0xc5</run_address>
         <size>0x37</size>
         <input_file_ref idref="fl-128"/>
      </object_component>
      <object_component id="oc-1a">
         <name>.debug_line</name>
         <load_address>0xfc</load_address>
         <run_address>0xfc</run_address>
         <size>0x36</size>
         <input_file_ref idref="fl-129"/>
      </object_component>
      <object_component id="oc-1f">
         <name>.debug_line</name>
         <load_address>0x132</load_address>
         <run_address>0x132</run_address>
         <size>0x31</size>
         <input_file_ref idref="fl-12a"/>
      </object_component>
      <object_component id="oc-26">
         <name>.debug_line</name>
         <load_address>0x163</load_address>
         <run_address>0x163</run_address>
         <size>0x7a</size>
         <input_file_ref idref="fl-12b"/>
      </object_component>
      <object_component id="oc-2a">
         <name>.debug_line</name>
         <load_address>0x1dd</load_address>
         <run_address>0x1dd</run_address>
         <size>0x9a</size>
         <input_file_ref idref="fl-12c"/>
      </object_component>
      <object_component id="oc-2e">
         <name>.debug_line</name>
         <load_address>0x277</load_address>
         <run_address>0x277</run_address>
         <size>0x2d</size>
         <input_file_ref idref="fl-12d"/>
      </object_component>
      <object_component id="oc-33">
         <name>.debug_line</name>
         <load_address>0x2a4</load_address>
         <run_address>0x2a4</run_address>
         <size>0x40</size>
         <input_file_ref idref="fl-12e"/>
      </object_component>
      <object_component id="oc-3e">
         <name>.debug_line</name>
         <load_address>0x2e4</load_address>
         <run_address>0x2e4</run_address>
         <size>0x64</size>
         <input_file_ref idref="fl-130"/>
      </object_component>
      <object_component id="oc-43">
         <name>.debug_line</name>
         <load_address>0x348</load_address>
         <run_address>0x348</run_address>
         <size>0x50</size>
         <input_file_ref idref="fl-131"/>
      </object_component>
      <object_component id="oc-48">
         <name>.debug_line</name>
         <load_address>0x398</load_address>
         <run_address>0x398</run_address>
         <size>0x78</size>
         <input_file_ref idref="fl-132"/>
      </object_component>
      <object_component id="oc-4d">
         <name>.debug_line</name>
         <load_address>0x410</load_address>
         <run_address>0x410</run_address>
         <size>0x4d</size>
         <input_file_ref idref="fl-133"/>
      </object_component>
      <object_component id="oc-a">
         <name>.debug_abbrev</name>
         <load_address>0x0</load_address>
         <run_address>0x0</run_address>
         <size>0x73</size>
         <input_file_ref idref="fl-2"/>
      </object_component>
      <object_component id="oc-11">
         <name>.debug_abbrev</name>
         <load_address>0x73</load_address>
         <run_address>0x73</run_address>
         <size>0x3a</size>
         <input_file_ref idref="fl-127"/>
      </object_component>
      <object_component id="oc-16">
         <name>.debug_abbrev</name>
         <load_address>0xad</load_address>
         <run_address>0xad</run_address>
         <size>0xb0</size>
         <input_file_ref idref="fl-128"/>
      </object_component>
      <object_component id="oc-1b">
         <name>.debug_abbrev</name>
         <load_address>0x15d</load_address>
         <run_address>0x15d</run_address>
         <size>0xf2</size>
         <input_file_ref idref="fl-129"/>
      </object_component>
      <object_component id="oc-20">
         <name>.debug_abbrev</name>
         <load_address>0x24f</load_address>
         <run_address>0x24f</run_address>
         <size>0xb0</size>
         <input_file_ref idref="fl-12a"/>
      </object_component>
      <object_component id="oc-27">
         <name>.debug_abbrev</name>
         <load_address>0x2ff</load_address>
         <run_address>0x2ff</run_address>
         <size>0x11e</size>
         <input_file_ref idref="fl-12b"/>
      </object_component>
      <object_component id="oc-2b">
         <name>.debug_abbrev</name>
         <load_address>0x41d</load_address>
         <run_address>0x41d</run_address>
         <size>0x48</size>
         <input_file_ref idref="fl-12c"/>
      </object_component>
      <object_component id="oc-2f">
         <name>.debug_abbrev</name>
         <load_address>0x465</load_address>
         <run_address>0x465</run_address>
         <size>0x3a</size>
         <input_file_ref idref="fl-12d"/>
      </object_component>
      <object_component id="oc-34">
         <name>.debug_abbrev</name>
         <load_address>0x49f</load_address>
         <run_address>0x49f</run_address>
         <size>0x5d</size>
         <input_file_ref idref="fl-12e"/>
      </object_component>
      <object_component id="oc-39">
         <name>.debug_abbrev</name>
         <load_address>0x4fc</load_address>
         <run_address>0x4fc</run_address>
         <size>0x31</size>
         <input_file_ref idref="fl-12f"/>
      </object_component>
      <object_component id="oc-3f">
         <name>.debug_abbrev</name>
         <load_address>0x52d</load_address>
         <run_address>0x52d</run_address>
         <size>0xb9</size>
         <input_file_ref idref="fl-130"/>
      </object_component>
      <object_component id="oc-44">
         <name>.debug_abbrev</name>
         <load_address>0x5e6</load_address>
         <run_address>0x5e6</run_address>
         <size>0xe1</size>
         <input_file_ref idref="fl-131"/>
      </object_component>
      <object_component id="oc-49">
         <name>.debug_abbrev</name>
         <load_address>0x6c7</load_address>
         <run_address>0x6c7</run_address>
         <size>0x120</size>
         <input_file_ref idref="fl-132"/>
      </object_component>
      <object_component id="oc-4e">
         <name>.debug_abbrev</name>
         <load_address>0x7e7</load_address>
         <run_address>0x7e7</run_address>
         <size>0xe8</size>
         <input_file_ref idref="fl-133"/>
      </object_component>
      <object_component id="oc-79">
         <name>.debug_abbrev</name>
         <load_address>0x8cf</load_address>
         <run_address>0x8cf</run_address>
         <size>0xf</size>
      </object_component>
      <object_component id="oc-b">
         <name>.debug_aranges</name>
         <load_address>0x0</load_address>
         <run_address>0x0</run_address>
         <size>0x20</size>
         <input_file_ref idref="fl-2"/>
      </object_component>
      <object_component id="oc-12">
         <name>.debug_aranges</name>
         <load_address>0x20</load_address>
         <run_address>0x20</run_address>
         <size>0x20</size>
         <input_file_ref idref="fl-127"/>
      </object_component>
      <object_component id="oc-17">
         <name>.debug_aranges</name>
         <load_address>0x40</load_address>
         <run_address>0x40</run_address>
         <size>0x18</size>
         <input_file_ref idref="fl-128"/>
      </object_component>
      <object_component id="oc-1c">
         <name>.debug_aranges</name>
         <load_address>0x58</load_address>
         <run_address>0x58</run_address>
         <size>0x18</size>
         <input_file_ref idref="fl-129"/>
      </object_component>
      <object_component id="oc-21">
         <name>.debug_aranges</name>
         <load_address>0x70</load_address>
         <run_address>0x70</run_address>
         <size>0x18</size>
         <input_file_ref idref="fl-12a"/>
      </object_component>
      <object_component id="oc-28">
         <name>.debug_aranges</name>
         <load_address>0x88</load_address>
         <run_address>0x88</run_address>
         <size>0x30</size>
         <input_file_ref idref="fl-12b"/>
      </object_component>
      <object_component id="oc-2c">
         <name>.debug_aranges</name>
         <load_address>0xb8</load_address>
         <run_address>0xb8</run_address>
         <size>0x20</size>
         <input_file_ref idref="fl-12c"/>
      </object_component>
      <object_component id="oc-30">
         <name>.debug_aranges</name>
         <load_address>0xd8</load_address>
         <run_address>0xd8</run_address>
         <size>0x18</size>
         <input_file_ref idref="fl-12d"/>
      </object_component>
      <object_component id="oc-35">
         <name>.debug_aranges</name>
         <load_address>0xf0</load_address>
         <run_address>0xf0</run_address>
         <size>0x20</size>
         <input_file_ref idref="fl-12e"/>
      </object_component>
      <object_component id="oc-40">
         <name>.debug_aranges</name>
         <load_address>0x110</load_address>
         <run_address>0x110</run_address>
         <size>0x30</size>
         <input_file_ref idref="fl-130"/>
      </object_component>
      <object_component id="oc-45">
         <name>.debug_aranges</name>
         <load_address>0x140</load_address>
         <run_address>0x140</run_address>
         <size>0x20</size>
         <input_file_ref idref="fl-131"/>
      </object_component>
      <object_component id="oc-4a">
         <name>.debug_aranges</name>
         <load_address>0x160</load_address>
         <run_address>0x160</run_address>
         <size>0x20</size>
         <input_file_ref idref="fl-132"/>
      </object_component>
      <object_component id="oc-4f">
         <name>.debug_aranges</name>
         <load_address>0x180</load_address>
         <run_address>0x180</run_address>
         <size>0x20</size>
         <input_file_ref idref="fl-133"/>
      </object_component>
      <object_component id="oc-d">
         <name>.stack</name>
         <uninitialized>true</uninitialized>
         <run_address>0x530</run_address>
         <size>0x0</size>
         <input_file_ref idref="fl-127"/>
      </object_component>
      <object_component id="oc-74">
         <name>.stack</name>
         <uninitialized>true</uninitialized>
         <run_address>0x530</run_address>
         <size>0x0</size>
      </object_component>
   </object_component_list>
   <logical_group_list>
      <logical_group id="lg-5a" display="no" color="cyan">
         <name>.text</name>
         <load_address>0x0</load_address>
         <run_address>0x0</run_address>
         <size>0x4dc</size>
         <contents>
            <object_component_ref idref="oc-50"/>
            <object_component_ref idref="oc-59"/>
            <object_component_ref idref="oc-56"/>
            <object_component_ref idref="oc-54"/>
            <object_component_ref idref="oc-58"/>
            <object_component_ref idref="oc-6"/>
            <object_component_ref idref="oc-57"/>
            <object_component_ref idref="oc-55"/>
            <object_component_ref idref="oc-53"/>
         </contents>
      </logical_group>
      <logical_group id="lg-5b" display="no" color="cyan">
         <name>.const</name>
         <run_address>0x0</run_address>
         <size>0x0</size>
         <contents>
         </contents>
      </logical_group>
      <logical_group id="lg-5c" display="no" color="cyan">
         <name>.data</name>
         <run_address>0x0</run_address>
         <size>0x0</size>
         <contents>
         </contents>
      </logical_group>
      <logical_group id="lg-5d" display="no" color="cyan">
         <name>.bss</name>
         <run_address>0x518</run_address>
         <size>0x18</size>
         <contents>
            <object_component_ref idref="oc-c"/>
            <object_component_ref idref="oc-22"/>
            <object_component_ref idref="oc-36"/>
            <object_component_ref idref="oc-3a"/>
         </contents>
      </logical_group>
      <logical_group id="lg-5e" display="no" color="cyan">
         <name>.cinit</name>
         <load_address>0x4dc</load_address>
         <run_address>0x4dc</run_address>
         <size>0x3c</size>
         <contents>
            <object_component_ref idref="oc-3c"/>
            <object_component_ref idref="oc-24"/>
            <object_component_ref idref="oc-e"/>
            <object_component_ref idref="oc-38"/>
         </contents>
      </logical_group>
      <logical_group id="lg-5f" display="no" color="cyan">
         <name>.pinit</name>
         <run_address>0x0</run_address>
         <size>0x0</size>
         <contents>
         </contents>
      </logical_group>
      <logical_group id="lg-66" display="never" color="cyan">
         <name>.debug_info</name>
         <load_address>0x0</load_address>
         <run_address>0x0</run_address>
         <size>0x2139</size>
         <contents>
            <object_component_ref idref="oc-7"/>
            <object_component_ref idref="oc-f"/>
            <object_component_ref idref="oc-13"/>
            <object_component_ref idref="oc-18"/>
            <object_component_ref idref="oc-1d"/>
            <object_component_ref idref="oc-23"/>
            <object_component_ref idref="oc-29"/>
            <object_component_ref idref="oc-2d"/>
            <object_component_ref idref="oc-31"/>
            <object_component_ref idref="oc-37"/>
            <object_component_ref idref="oc-3b"/>
            <object_component_ref idref="oc-41"/>
            <object_component_ref idref="oc-46"/>
            <object_component_ref idref="oc-4b"/>
            <object_component_ref idref="oc-78"/>
         </contents>
      </logical_group>
      <logical_group id="lg-68" display="never" color="cyan">
         <name>.debug_frame</name>
         <load_address>0x0</load_address>
         <run_address>0x0</run_address>
         <size>0x2ba</size>
         <contents>
            <object_component_ref idref="oc-8"/>
            <object_component_ref idref="oc-14"/>
            <object_component_ref idref="oc-19"/>
            <object_component_ref idref="oc-1e"/>
            <object_component_ref idref="oc-25"/>
            <object_component_ref idref="oc-32"/>
            <object_component_ref idref="oc-3d"/>
            <object_component_ref idref="oc-42"/>
            <object_component_ref idref="oc-47"/>
            <object_component_ref idref="oc-4c"/>
         </contents>
      </logical_group>
      <logical_group id="lg-6a" display="never" color="cyan">
         <name>.debug_line</name>
         <load_address>0x0</load_address>
         <run_address>0x0</run_address>
         <size>0x45d</size>
         <contents>
            <object_component_ref idref="oc-9"/>
            <object_component_ref idref="oc-10"/>
            <object_component_ref idref="oc-15"/>
            <object_component_ref idref="oc-1a"/>
            <object_component_ref idref="oc-1f"/>
            <object_component_ref idref="oc-26"/>
            <object_component_ref idref="oc-2a"/>
            <object_component_ref idref="oc-2e"/>
            <object_component_ref idref="oc-33"/>
            <object_component_ref idref="oc-3e"/>
            <object_component_ref idref="oc-43"/>
            <object_component_ref idref="oc-48"/>
            <object_component_ref idref="oc-4d"/>
         </contents>
      </logical_group>
      <logical_group id="lg-6c" display="never" color="cyan">
         <name>.debug_abbrev</name>
         <load_address>0x0</load_address>
         <run_address>0x0</run_address>
         <size>0x8de</size>
         <contents>
            <object_component_ref idref="oc-a"/>
            <object_component_ref idref="oc-11"/>
            <object_component_ref idref="oc-16"/>
            <object_component_ref idref="oc-1b"/>
            <object_component_ref idref="oc-20"/>
            <object_component_ref idref="oc-27"/>
            <object_component_ref idref="oc-2b"/>
            <object_component_ref idref="oc-2f"/>
            <object_component_ref idref="oc-34"/>
            <object_component_ref idref="oc-39"/>
            <object_component_ref idref="oc-3f"/>
            <object_component_ref idref="oc-44"/>
            <object_component_ref idref="oc-49"/>
            <object_component_ref idref="oc-4e"/>
            <object_component_ref idref="oc-79"/>
         </contents>
      </logical_group>
      <logical_group id="lg-6e" display="never" color="cyan">
         <name>.debug_aranges</name>
         <load_address>0x0</load_address>
         <run_address>0x0</run_address>
         <size>0x1a0</size>
         <contents>
            <object_component_ref idref="oc-b"/>
            <object_component_ref idref="oc-12"/>
            <object_component_ref idref="oc-17"/>
            <object_component_ref idref="oc-1c"/>
            <object_component_ref idref="oc-21"/>
            <object_component_ref idref="oc-28"/>
            <object_component_ref idref="oc-2c"/>
            <object_component_ref idref="oc-30"/>
            <object_component_ref idref="oc-35"/>
            <object_component_ref idref="oc-40"/>
            <object_component_ref idref="oc-45"/>
            <object_component_ref idref="oc-4a"/>
            <object_component_ref idref="oc-4f"/>
         </contents>
      </logical_group>
      <logical_group id="lg-70" display="no" color="cyan">
         <name>.stack</name>
         <run_address>0x530</run_address>
         <size>0x800</size>
         <contents>
            <object_component_ref idref="oc-d"/>
            <object_component_ref idref="oc-74"/>
         </contents>
      </logical_group>
   </logical_group_list>
   <placement_map>
      <memory_area display="yes" color="green">
         <name>RAM</name>
         <page_id>0x0</page_id>
         <origin>0x0</origin>
         <length>0xffffffff</length>
         <used_space>0xd30</used_space>
         <unused_space>0xfffff2cf</unused_space>
         <attributes>RWIX</attributes>
         <usage_details>
            <allocated_space>
               <start_address>0x0</start_address>
               <size>0x0</size>
               <logical_group_ref idref="lg-5c"/>
            </allocated_space>
            <allocated_space>
               <start_address>0x0</start_address>
               <size>0x4dc</size>
               <logical_group_ref idref="lg-5a"/>
            </allocated_space>
            <allocated_space>
               <start_address>0x4dc</start_address>
               <size>0x3c</size>
               <logical_group_ref idref="lg-5e"/>
            </allocated_space>
            <allocated_space>
               <start_address>0x518</start_address>
               <size>0x18</size>
               <logical_group_ref idref="lg-5d"/>
            </allocated_space>
            <allocated_space>
               <start_address>0x530</start_address>
               <size>0x800</size>
               <logical_group_ref idref="lg-70"/>
            </allocated_space>
            <available_space>
               <start_address>0xd30</start_address>
               <size>0xfffff2cf</size>
            </available_space>
         </usage_details>
      </memory_area>
   </placement_map>
   <symbol_table>
      <symbol id="sm-0">
         <name>cinit</name>
         <value>0x4dc</value>
      </symbol>
      <symbol id="sm-1">
         <name>___cinit__</name>
         <value>0x4dc</value>
      </symbol>
      <symbol id="sm-2">
         <name>pinit</name>
         <value>0xffffffff</value>
      </symbol>
      <symbol id="sm-3">
         <name>___pinit__</name>
         <value>0xffffffff</value>
      </symbol>
      <symbol id="sm-4">
         <name>binit</name>
         <value>0xffffffff</value>
      </symbol>
      <symbol id="sm-5">
         <name>___binit__</name>
         <value>0xffffffff</value>
      </symbol>
      <symbol id="sm-6">
         <name>__STACK_SIZE</name>
         <value>0x800</value>
      </symbol>
      <symbol id="sm-7">
         <name>__STACK_END</name>
         <value>0xd30</value>
      </symbol>
      <symbol id="sm-8">
         <name>___c_args__</name>
         <value>0xffffffff</value>
      </symbol>
      <symbol id="sm-9">
         <name>.text</name>
         <value>0x0</value>
      </symbol>
      <symbol id="sm-a">
         <name>___text__</name>
         <value>0x0</value>
      </symbol>
      <symbol id="sm-b">
         <name>etext</name>
         <value>0x4dc</value>
      </symbol>
      <symbol id="sm-c">
         <name>___etext__</name>
         <value>0x4dc</value>
      </symbol>
      <symbol id="sm-d">
         <name>.data</name>
         <value>0x0</value>
      </symbol>
      <symbol id="sm-e">
         <name>___data__</name>
         <value>0x0</value>
      </symbol>
      <symbol id="sm-f">
         <name>edata</name>
         <value>0x0</value>
      </symbol>
      <symbol id="sm-10">
         <name>___edata__</name>
         <value>0x0</value>
      </symbol>
      <symbol id="sm-11">
         <name>.bss</name>
         <value>0x518</value>
      </symbol>
      <symbol id="sm-12">
         <name>___bss__</name>
         <value>0x518</value>
      </symbol>
      <symbol id="sm-13">
         <name>end</name>
         <value>0x530</value>
      </symbol>
      <symbol id="sm-14">
         <name>___end__</name>
         <value>0x530</value>
      </symbol>
      <symbol id="sm-4a">
         <name>_main</name>
         <value>0x180</value>
         <object_component_ref idref="oc-59"/>
      </symbol>
      <symbol id="sm-65">
         <name>_c_int00</name>
         <value>0x440</value>
         <object_component_ref idref="oc-6"/>
      </symbol>
      <symbol id="sm-66">
         <name>__stack</name>
         <value>0x530</value>
         <object_component_ref idref="oc-d"/>
      </symbol>
      <symbol id="sm-67">
         <name>_stkchk_called</name>
         <value>0x528</value>
         <object_component_ref idref="oc-c"/>
      </symbol>
      <symbol id="sm-a4">
         <name>C$$EXIT</name>
         <value>0x2d0</value>
         <object_component_ref idref="oc-56"/>
      </symbol>
      <symbol id="sm-a5">
         <name>_exit</name>
         <value>0x2e4</value>
         <object_component_ref idref="oc-56"/>
      </symbol>
      <symbol id="sm-a6">
         <name>___TI_cleanup_ptr</name>
         <value>0x520</value>
         <object_component_ref idref="oc-22"/>
      </symbol>
      <symbol id="sm-a7">
         <name>_abort</name>
         <value>0x2d8</value>
         <object_component_ref idref="oc-56"/>
      </symbol>
      <symbol id="sm-a8">
         <name>___TI_dtors_ptr</name>
         <value>0x524</value>
         <object_component_ref idref="oc-22"/>
      </symbol>
      <symbol id="sm-c6">
         <name>C_MEMCPY</name>
         <value>0x0</value>
         <object_component_ref idref="oc-50"/>
      </symbol>
      <symbol id="sm-dd">
         <name>__system_pre_init</name>
         <value>0x4d4</value>
         <object_component_ref idref="oc-53"/>
      </symbol>
      <symbol id="sm-e8">
         <name>_main_func_sp</name>
         <value>0x52c</value>
         <object_component_ref idref="oc-36"/>
      </symbol>
      <symbol id="sm-104">
         <name>__unlock</name>
         <value>0x51c</value>
         <object_component_ref idref="oc-3a"/>
      </symbol>
      <symbol id="sm-105">
         <name>__lock</name>
         <value>0x518</value>
         <object_component_ref idref="oc-3a"/>
      </symbol>
      <symbol id="sm-106">
         <name>__register_lock</name>
         <value>0x49c</value>
         <object_component_ref idref="oc-57"/>
      </symbol>
      <symbol id="sm-107">
         <name>__nop</name>
         <value>0x4a8</value>
         <object_component_ref idref="oc-57"/>
      </symbol>
      <symbol id="sm-108">
         <name>__register_unlock</name>
         <value>0x490</value>
         <object_component_ref idref="oc-57"/>
      </symbol>
      <symbol id="sm-119">
         <name>__args_main</name>
         <value>0x4b4</value>
         <object_component_ref idref="oc-55"/>
      </symbol>
      <symbol id="sm-133">
         <name>__TI_auto_init</name>
         <value>0x35c</value>
         <object_component_ref idref="oc-54"/>
      </symbol>
      <symbol id="sm-144">
         <name>_copy_in</name>
         <value>0x3e4</value>
         <object_component_ref idref="oc-58"/>
      </symbol>
      <symbol id="sm-147">
         <name>_WDTCTL</name>
         <value>0x0</value>
      </symbol>
      <symbol id="sm-148">
         <name>_P2DIR</name>
         <value>0x0</value>
      </symbol>
      <symbol id="sm-149">
         <name>_P2OUT</name>
         <value>0x0</value>
      </symbol>
   </symbol_table>
   <title>Link errors: red sections failed placement</title>
</link_info>
